2026-03-15 18:51:19:5119 [31merror[39m: [31mRedis error:[39m
2026-03-15 18:51:19:5119 [31merror[39m: [31mRedis error:[39m
2026-03-15 18:51:19:5119 [31merror[39m: [31mRedis error:[39m
2026-03-15 18:51:20:5120 [31merror[39m: [31mRedis error:[39m
2026-03-15 18:51:20:5120 [31merror[39m: [31mRedis error:[39m
2026-03-15 18:51:20:5120 [31merror[39m: [31mRedis error:[39m
2026-03-15 18:51:21:5121 [31merror[39m: [31mRedis error:[39m
2026-03-15 18:51:21:5121 [31merror[39m: [31mRedis error:[39m
2026-03-15 18:51:22:5122 [31merror[39m: [31mRedis error:[39m
2026-03-15 18:51:22:5122 [31merror[39m: [31mRedis error:[39m
2026-03-15 18:51:23:5123 [31merror[39m: [31mRedis error:[39m
2026-03-15 18:51:23:5123 [31merror[39m: [31mRedis error:[39m
2026-03-15 18:51:24:5124 [31merror[39m: [31mRedis error:[39m
2026-03-15 18:51:24:5124 [31merror[39m: [31mRedis error:[39m
2026-03-15 18:51:25:5125 [31merror[39m: [31mRedis error:[39m
2026-03-15 18:51:26:5126 [31merror[39m: [31mRedis error:[39m
2026-03-15 18:51:27:5127 [31merror[39m: [31mRedis error:[39m
2026-03-15 18:51:28:5128 [31merror[39m: [31mRedis error:[39m
2026-03-15 18:51:28:5128 [31merror[39m: [31mRedis error:[39m
2026-03-15 18:51:29:5129 [31merror[39m: [31mRedis error:[39m
2026-03-15 18:51:31:5131 [31merror[39m: [31mRedis error:[39m
2026-03-15 18:51:32:5132 [31merror[39m: [31mRedis error:[39m
2026-03-15 18:51:33:5133 [31merror[39m: [31mRedis error:[39m
2026-03-15 18:51:34:5134 [31merror[39m: [31mRedis error:[39m
2026-03-15 18:51:35:5135 [31merror[39m: [31mRedis error:[39m
2026-03-15 18:51:37:5137 [31merror[39m: [31mRedis error:[39m
2026-03-15 18:51:38:5138 [31merror[39m: [31mRedis error:[39m
2026-03-15 18:51:40:5140 [31merror[39m: [31mRedis error:[39m
2026-03-15 18:51:41:5141 [31merror[39m: [31mRedis error:[39m
2026-03-15 18:51:43:5143 [31merror[39m: [31mRedis error:[39m
2026-03-15 18:51:44:5144 [31merror[39m: [31mRedis error:[39m
2026-03-15 18:52:51:5251 [31merror[39m: [31mRedis error:[39m
2026-03-15 18:52:51:5251 [31merror[39m: [31mRedis error:[39m
2026-03-15 18:52:51:5251 [31merror[39m: [31mRedis error:[39m
2026-03-15 18:52:51:5251 [31merror[39m: [31mRedis error:[39m
2026-03-15 18:52:52:5252 [31merror[39m: [31mRedis error:[39m
2026-03-15 18:52:52:5252 [31merror[39m: [31mRedis error:[39m
2026-03-15 18:52:52:5252 [31merror[39m: [31mRedis error:[39m
2026-03-15 18:52:53:5253 [31merror[39m: [31mRedis error:[39m
2026-03-15 18:52:53:5253 [31merror[39m: [31mRedis error:[39m
2026-03-15 18:52:54:5254 [31merror[39m: [31mRedis error:[39m
2026-03-15 18:52:54:5254 [31merror[39m: [31mRedis error:[39m
2026-03-15 18:52:55:5255 [31merror[39m: [31mRedis error:[39m
2026-03-15 18:52:55:5255 [31merror[39m: [31mRedis error:[39m
2026-03-15 18:52:56:5256 [31merror[39m: [31mRedis error:[39m
2026-03-15 18:52:57:5257 [31merror[39m: [31mRedis error:[39m
2026-03-15 18:52:58:5258 [31merror[39m: [31mRedis error:[39m
2026-03-15 18:52:59:5259 [31merror[39m: [31mRedis error:[39m
2026-03-15 18:53:00:530 [31merror[39m: [31mRedis error:[39m
2026-03-15 18:53:00:530 [31merror[39m: [31mRedis error:[39m
2026-03-15 18:53:01:531 [31merror[39m: [31mRedis error:[39m
2026-03-15 18:53:02:532 [31merror[39m: [31mRedis error:[39m
2026-03-15 18:53:04:534 [31merror[39m: [31mRedis error:[39m
2026-03-15 18:53:05:535 [31merror[39m: [31mRedis error:[39m
2026-03-15 18:53:06:536 [31merror[39m: [31mRedis error:[39m
2026-03-15 18:53:07:537 [31merror[39m: [31mRedis error:[39m
2026-03-15 18:53:08:538 [31merror[39m: [31mRedis error:[39m
2026-03-15 18:53:10:5310 [31merror[39m: [31mRedis error:[39m
2026-03-15 18:53:11:5311 [31merror[39m: [31mRedis error:[39m
2026-03-15 18:53:13:5313 [31merror[39m: [31mRedis error:[39m
2026-03-15 18:53:15:5315 [31merror[39m: [31mRedis error:[39m
2026-03-15 18:53:16:5316 [31merror[39m: [31mRedis error:[39m
2026-03-15 18:53:18:5318 [31merror[39m: [31mRedis error:[39m
2026-03-15 18:53:19:5319 [31merror[39m: [31mRedis error:[39m
2026-03-15 18:53:21:5321 [31merror[39m: [31mRedis error:[39m
2026-03-15 18:53:23:5323 [31merror[39m: [31mRedis error:[39m
2026-03-15 18:53:25:5325 [31merror[39m: [31mRedis error:[39m
2026-03-15 18:53:26:5326 [31merror[39m: [31mRedis error:[39m
2026-03-15 18:53:28:5328 [31merror[39m: [31mRedis error:[39m
2026-03-15 18:53:30:5330 [31merror[39m: [31mRedis error:[39m
2026-03-15 18:53:32:5332 [31merror[39m: [31mRedis error:[39m
2026-03-15 18:53:34:5334 [31merror[39m: [31mRedis error:[39m
2026-03-15 18:53:36:5336 [31merror[39m: [31mRedis error:[39m
2026-03-15 18:53:39:5339 [31merror[39m: [31mRedis error:[39m
2026-03-15 18:53:41:5341 [31merror[39m: [31mRedis error:[39m
2026-03-15 18:53:43:5343 [31merror[39m: [31mRedis error:[39m
2026-03-15 18:53:45:5345 [31merror[39m: [31mRedis error:[39m
2026-03-15 18:53:47:5347 [31merror[39m: [31mRedis error:[39m
2026-03-15 18:53:49:5349 [31merror[39m: [31mRedis error:[39m
2026-03-15 18:53:51:5351 [31merror[39m: [31mRedis error:[39m
2026-03-15 18:53:53:5353 [31merror[39m: [31mRedis error:[39m
2026-03-15 18:53:55:5355 [31merror[39m: [31mRedis error:[39m
2026-03-15 18:53:57:5357 [31merror[39m: [31mRedis error:[39m
2026-03-15 18:53:59:5359 [31merror[39m: [31mRedis error:[39m
2026-03-15 18:54:01:541 [31merror[39m: [31mRedis error:[39m
2026-03-15 18:54:03:543 [31merror[39m: [31mRedis error:[39m
2026-03-15 18:54:05:545 [31merror[39m: [31mRedis error:[39m
2026-03-15 18:54:08:548 [31merror[39m: [31mRedis error:[39m
2026-03-15 18:54:10:5410 [31merror[39m: [31mRedis error:[39m
2026-03-15 18:54:12:5412 [31merror[39m: [31mRedis error:[39m
2026-03-15 18:54:14:5414 [31merror[39m: [31mRedis error:[39m
2026-03-15 18:54:17:5417 [31merror[39m: [31mRedis error:[39m
2026-03-15 18:54:19:5419 [31merror[39m: [31mRedis error:[39m
2026-03-15 18:54:21:5421 [31merror[39m: [31mRedis error:[39m
2026-03-15 18:54:23:5423 [31merror[39m: [31mRedis error:[39m
2026-03-15 18:54:25:5425 [31merror[39m: [31mRedis error:[39m
2026-03-15 18:54:27:5427 [31merror[39m: [31mRedis error:[39m
2026-03-15 18:54:29:5429 [31merror[39m: [31mRedis error:[39m
2026-03-15 18:54:31:5431 [31merror[39m: [31mRedis error:[39m
2026-03-15 18:54:33:5433 [31merror[39m: [31mRedis error:[39m
2026-03-15 18:54:35:5435 [31merror[39m: [31mRedis error:[39m
2026-03-15 18:54:37:5437 [31merror[39m: [31mRedis error:[39m
2026-03-15 18:54:39:5439 [31merror[39m: [31mRedis error:[39m
2026-03-15 18:54:41:5441 [31merror[39m: [31mRedis error:[39m
2026-03-15 18:54:43:5443 [31merror[39m: [31mRedis error:[39m
2026-03-15 18:54:45:5445 [31merror[39m: [31mRedis error:[39m
2026-03-15 18:54:47:5447 [31merror[39m: [31mRedis error:[39m
2026-03-15 18:54:49:5449 [31merror[39m: [31mRedis error:[39m
2026-03-15 18:54:51:5451 [31merror[39m: [31mRedis error:[39m
2026-03-15 18:54:53:5453 [31merror[39m: [31mRedis error:[39m
2026-03-15 18:54:55:5455 [31merror[39m: [31mRedis error:[39m
2026-03-15 18:54:57:5457 [31merror[39m: [31mRedis error:[39m
2026-03-15 18:55:00:550 [31merror[39m: [31mRedis error:[39m
2026-03-15 18:55:02:552 [31merror[39m: [31mRedis error:[39m
2026-03-15 18:55:05:555 [31merror[39m: [31mRedis error:[39m
2026-03-15 18:55:07:557 [31merror[39m: [31mRedis error:[39m
2026-03-15 18:55:09:559 [31merror[39m: [31mRedis error:[39m
2026-03-15 18:55:11:5511 [31merror[39m: [31mRedis error:[39m
2026-03-15 18:55:14:5514 [31merror[39m: [31mRedis error:[39m
2026-03-15 18:55:16:5516 [31merror[39m: [31mRedis error:[39m
2026-03-15 18:55:18:5518 [31merror[39m: [31mRedis error:[39m
2026-03-15 18:55:20:5520 [31merror[39m: [31mRedis error:[39m
2026-03-15 18:55:22:5522 [31merror[39m: [31mRedis error:[39m
2026-03-15 18:55:24:5524 [31merror[39m: [31mRedis error:[39m
2026-03-15 18:55:26:5526 [31merror[39m: [31mRedis error:[39m
2026-03-15 18:55:28:5528 [31merror[39m: [31mRedis error:[39m
2026-03-15 18:55:30:5530 [31merror[39m: [31mRedis error:[39m
2026-03-15 18:55:32:5532 [31merror[39m: [31mRedis error:[39m
2026-03-15 18:55:34:5534 [31merror[39m: [31mRedis error:[39m
2026-03-15 18:55:36:5536 [31merror[39m: [31mRedis error:[39m
2026-03-15 18:56:24:5624 [31merror[39m: [31mRedis error:[39m
2026-03-15 18:56:24:5624 [31merror[39m: [31mRedis error:[39m
2026-03-15 18:56:24:5624 [31merror[39m: [31mRedis error:[39m
2026-03-15 18:56:24:5624 [31merror[39m: [31mRedis error:[39m
2026-03-15 18:56:25:5625 [31merror[39m: [31mRedis error:[39m
2026-03-15 18:56:25:5625 [31merror[39m: [31mRedis error:[39m
2026-03-15 18:56:25:5625 [31merror[39m: [31mRedis error:[39m
2026-03-15 18:56:26:5626 [31merror[39m: [31mRedis error:[39m
2026-03-15 18:56:26:5626 [31merror[39m: [31mRedis error:[39m
2026-03-15 18:56:27:5627 [31merror[39m: [31mRedis error:[39m
2026-03-15 18:56:27:5627 [31merror[39m: [31mRedis error:[39m
2026-03-15 18:56:28:5628 [31merror[39m: [31mRedis error:[39m
2026-03-15 18:56:28:5628 [31merror[39m: [31mRedis error:[39m
2026-03-15 18:56:29:5629 [31merror[39m: [31mRedis error:[39m
2026-03-15 18:56:30:5630 [31merror[39m: [31mRedis error:[39m
2026-03-15 18:56:30:5630 [31merror[39m: [31mRedis error:[39m
2026-03-15 18:56:31:5631 [31merror[39m: [31mRedis error:[39m
2026-03-15 18:56:32:5632 [31merror[39m: [31mRedis error:[39m
2026-03-15 18:56:33:5633 [31merror[39m: [31mRedis error:[39m
2026-03-15 18:56:34:5634 [31merror[39m: [31mRedis error:[39m
2026-03-15 18:56:35:5635 [31merror[39m: [31mRedis error:[39m
2026-03-15 18:56:36:5636 [31merror[39m: [31mRedis error:[39m
2026-03-15 18:56:37:5637 [31merror[39m: [31mRedis error:[39m
2026-03-15 18:56:38:5638 [31merror[39m: [31mRedis error:[39m
2026-03-15 18:56:40:5640 [31merror[39m: [31mRedis error:[39m
2026-03-15 18:56:41:5641 [31merror[39m: [31mRedis error:[39m
2026-03-15 18:56:42:5642 [31merror[39m: [31mRedis error:[39m
2026-03-15 18:56:44:5644 [31merror[39m: [31mRedis error:[39m
2026-03-15 18:56:45:5645 [31merror[39m: [31mRedis error:[39m
2026-03-15 18:56:48:5648 [31merror[39m: [31mRedis error:[39m
2026-03-15 18:56:49:5649 [31merror[39m: [31mRedis error:[39m
2026-03-15 18:56:51:5651 [31merror[39m: [31mRedis error:[39m
2026-03-15 18:56:53:5653 [31merror[39m: [31mRedis error:[39m
2026-03-15 18:56:54:5654 [31merror[39m: [31mRedis error:[39m
2026-03-15 18:56:56:5656 [31merror[39m: [31mRedis error:[39m
2026-03-15 18:56:59:5659 [31merror[39m: [31mRedis error:[39m
2026-03-15 18:57:01:571 [31merror[39m: [31mRedis error:[39m
2026-03-15 18:57:02:572 [31merror[39m: [31mRedis error:[39m
2026-03-15 18:57:04:574 [31merror[39m: [31mRedis error:[39m
2026-03-15 18:57:06:576 [31merror[39m: [31mRedis error:[39m
2026-03-15 18:57:08:578 [31merror[39m: [31mRedis error:[39m
2026-03-15 18:57:10:5710 [31merror[39m: [31mRedis error:[39m
2026-03-15 18:57:12:5712 [31merror[39m: [31mRedis error:[39m
2026-03-15 18:57:14:5714 [31merror[39m: [31mRedis error:[39m
2026-03-15 18:57:16:5716 [31merror[39m: [31mRedis error:[39m
2026-03-15 18:57:18:5718 [31merror[39m: [31mRedis error:[39m
2026-03-15 18:57:20:5720 [31merror[39m: [31mRedis error:[39m
2026-03-15 18:57:23:5723 [31merror[39m: [31mRedis error:[39m
2026-03-15 18:57:25:5725 [31merror[39m: [31mRedis error:[39m
2026-03-15 18:57:27:5727 [31merror[39m: [31mRedis error:[39m
2026-03-15 18:57:29:5729 [31merror[39m: [31mRedis error:[39m
2026-03-15 18:57:31:5731 [31merror[39m: [31mRedis error:[39m
2026-03-15 18:57:33:5733 [31merror[39m: [31mRedis error:[39m
2026-03-15 18:57:35:5735 [31merror[39m: [31mRedis error:[39m
2026-03-15 18:57:38:5738 [31merror[39m: [31mRedis error:[39m
2026-03-15 18:57:40:5740 [31merror[39m: [31mRedis error:[39m
2026-03-15 18:57:42:5742 [31merror[39m: [31mRedis error:[39m
2026-03-15 18:57:44:5744 [31merror[39m: [31mRedis error:[39m
2026-03-15 18:57:46:5746 [31merror[39m: [31mRedis error:[39m
2026-03-15 18:57:48:5748 [31merror[39m: [31mRedis error:[39m
2026-03-15 18:57:50:5750 [31merror[39m: [31mRedis error:[39m
2026-03-15 18:57:52:5752 [31merror[39m: [31mRedis error:[39m
2026-03-15 18:57:54:5754 [31merror[39m: [31mRedis error:[39m
2026-03-15 18:57:56:5756 [31merror[39m: [31mRedis error:[39m
2026-03-15 18:57:58:5758 [31merror[39m: [31mRedis error:[39m
2026-03-15 18:58:00:580 [31merror[39m: [31mRedis error:[39m
2026-03-15 18:58:02:582 [31merror[39m: [31mRedis error:[39m
2026-03-15 18:58:04:584 [31merror[39m: [31mRedis error:[39m
2026-03-15 18:58:06:586 [31merror[39m: [31mRedis error:[39m
2026-03-15 18:58:08:588 [31merror[39m: [31mRedis error:[39m
2026-03-15 18:58:11:5811 [31merror[39m: [31mRedis error:[39m
2026-03-15 18:58:13:5813 [31merror[39m: [31mRedis error:[39m
2026-03-15 18:58:15:5815 [31merror[39m: [31mRedis error:[39m
2026-03-15 18:58:17:5817 [31merror[39m: [31mRedis error:[39m
2026-03-15 18:58:19:5819 [31merror[39m: [31mRedis error:[39m
2026-03-15 18:58:21:5821 [31merror[39m: [31mRedis error:[39m
2026-03-15 18:58:23:5823 [31merror[39m: [31mRedis error:[39m
2026-03-15 18:58:25:5825 [31merror[39m: [31mRedis error:[39m
2026-03-15 18:58:27:5827 [31merror[39m: [31mRedis error:[39m
2026-03-15 18:58:29:5829 [31merror[39m: [31mRedis error:[39m
2026-03-15 18:58:31:5831 [31merror[39m: [31mRedis error:[39m
2026-03-15 18:58:33:5833 [31merror[39m: [31mRedis error:[39m
2026-03-15 18:58:35:5835 [31merror[39m: [31mRedis error:[39m
2026-03-15 18:58:37:5837 [31merror[39m: [31mRedis error:[39m
2026-03-15 18:58:39:5839 [31merror[39m: [31mRedis error:[39m
2026-03-15 18:58:41:5841 [31merror[39m: [31mRedis error:[39m
2026-03-15 18:58:43:5843 [31merror[39m: [31mRedis error:[39m
2026-03-15 18:58:45:5845 [31merror[39m: [31mRedis error:[39m
2026-03-15 18:58:47:5847 [31merror[39m: [31mRedis error:[39m
2026-03-15 18:58:49:5849 [31merror[39m: [31mRedis error:[39m
2026-03-15 18:58:51:5851 [31merror[39m: [31mRedis error:[39m
2026-03-15 18:58:53:5853 [31merror[39m: [31mRedis error:[39m
2026-03-15 18:58:56:5856 [31merror[39m: [31mRedis error:[39m
2026-03-15 18:58:58:5858 [31merror[39m: [31mRedis error:[39m
2026-03-15 18:59:00:590 [31merror[39m: [31mRedis error:[39m
2026-03-15 18:59:02:592 [31merror[39m: [31mRedis error:[39m
2026-03-15 18:59:04:594 [31merror[39m: [31mRedis error:[39m
2026-03-15 18:59:06:596 [31merror[39m: [31mRedis error:[39m
2026-03-15 18:59:08:598 [31merror[39m: [31mRedis error:[39m
2026-03-15 18:59:10:5910 [31merror[39m: [31mRedis error:[39m
2026-03-15 18:59:12:5912 [31merror[39m: [31mRedis error:[39m
2026-03-15 18:59:14:5914 [31merror[39m: [31mRedis error:[39m
2026-03-15 18:59:16:5916 [31merror[39m: [31mRedis error:[39m
2026-03-15 18:59:18:5918 [31merror[39m: [31mRedis error:[39m
2026-03-15 18:59:20:5920 [31merror[39m: [31mRedis error:[39m
2026-03-15 18:59:22:5922 [31merror[39m: [31mRedis error:[39m
2026-03-15 18:59:24:5924 [31merror[39m: [31mRedis error:[39m
2026-03-15 18:59:26:5926 [31merror[39m: [31mRedis error:[39m
2026-03-15 18:59:28:5928 [31merror[39m: [31mRedis error:[39m
2026-03-15 18:59:30:5930 [31merror[39m: [31mRedis error:[39m
2026-03-15 18:59:32:5932 [31merror[39m: [31mRedis error:[39m
2026-03-15 18:59:34:5934 [31merror[39m: [31mRedis error:[39m
2026-03-15 18:59:36:5936 [31merror[39m: [31mRedis error:[39m
2026-03-15 18:59:38:5938 [31merror[39m: [31mRedis error:[39m
2026-03-15 18:59:40:5940 [31merror[39m: [31mRedis error:[39m
2026-03-15 18:59:42:5942 [31merror[39m: [31mRedis error:[39m
2026-03-15 18:59:44:5944 [31merror[39m: [31mRedis error:[39m
2026-03-15 18:59:46:5946 [31merror[39m: [31mRedis error:[39m
2026-03-15 18:59:48:5948 [31merror[39m: [31mRedis error:[39m
2026-03-15 18:59:50:5950 [31merror[39m: [31mRedis error:[39m
2026-03-15 18:59:52:5952 [31merror[39m: [31mRedis error:[39m
2026-03-15 18:59:54:5954 [31merror[39m: [31mRedis error:[39m
2026-03-15 18:59:56:5956 [31merror[39m: [31mRedis error:[39m
2026-03-15 18:59:58:5958 [31merror[39m: [31mRedis error:[39m
2026-03-15 19:00:00:00 [31merror[39m: [31mRedis error:[39m
2026-03-15 19:00:02:02 [31merror[39m: [31mRedis error:[39m
2026-03-15 19:00:04:04 [31merror[39m: [31mRedis error:[39m
2026-03-15 19:00:06:06 [31merror[39m: [31mRedis error:[39m
2026-03-15 19:00:08:08 [31merror[39m: [31mRedis error:[39m
2026-03-15 19:00:10:010 [31merror[39m: [31mRedis error:[39m
2026-03-15 19:00:12:012 [31merror[39m: [31mRedis error:[39m
2026-03-15 19:00:15:015 [31merror[39m: [31mRedis error:[39m
2026-03-15 19:00:17:017 [31merror[39m: [31mRedis error:[39m
2026-03-15 19:00:19:019 [31merror[39m: [31mRedis error:[39m
2026-03-15 19:00:21:021 [31merror[39m: [31mCreate public lead error: Reached the max retries per request limit (which is 20). Refer to "maxRetriesPerRequest" option for details.[39m
2026-03-15 19:00:21:021 [31merror[39m: [31mRedis error:[39m
2026-03-15 19:00:23:023 [31merror[39m: [31mRedis error:[39m
2026-03-15 19:00:25:025 [31merror[39m: [31mRedis error:[39m
2026-03-15 19:00:27:027 [31merror[39m: [31mRedis error:[39m
2026-03-15 19:00:29:029 [31merror[39m: [31mRedis error:[39m
2026-03-15 19:00:31:031 [31merror[39m: [31mRedis error:[39m
2026-03-15 19:00:33:033 [31merror[39m: [31mRedis error:[39m
2026-03-15 19:00:35:035 [31merror[39m: [31mRedis error:[39m
2026-03-15 19:00:37:037 [31merror[39m: [31mRedis error:[39m
2026-03-15 19:00:39:039 [31merror[39m: [31mRedis error:[39m
2026-03-15 19:00:41:041 [31merror[39m: [31mRedis error:[39m
2026-03-15 19:00:43:043 [31merror[39m: [31mRedis error:[39m
2026-03-15 19:00:45:045 [31merror[39m: [31mRedis error:[39m
2026-03-15 19:00:47:047 [31merror[39m: [31mRedis error:[39m
2026-03-15 19:00:49:049 [31merror[39m: [31mRedis error:[39m
2026-03-15 19:00:51:051 [31merror[39m: [31mRedis error:[39m
2026-03-15 19:00:53:053 [31merror[39m: [31mRedis error:[39m
2026-03-15 19:00:55:055 [31merror[39m: [31mRedis error:[39m
2026-03-15 19:00:57:057 [31merror[39m: [31mRedis error:[39m
2026-03-15 19:00:59:059 [31merror[39m: [31mRedis error:[39m
2026-03-15 19:01:01:11 [31merror[39m: [31mRedis error:[39m
2026-03-15 19:01:03:13 [31merror[39m: [31mRedis error:[39m
2026-03-15 19:01:05:15 [31merror[39m: [31mRedis error:[39m
2026-03-15 19:01:07:17 [31merror[39m: [31mRedis error:[39m
2026-03-15 19:01:09:19 [31merror[39m: [31mRedis error:[39m
2026-03-15 19:01:11:111 [31merror[39m: [31mRedis error:[39m
2026-03-15 19:01:13:113 [31merror[39m: [31mRedis error:[39m
2026-03-15 19:01:15:115 [31merror[39m: [31mRedis error:[39m
2026-03-15 19:01:18:118 [31merror[39m: [31mRedis error:[39m
2026-03-15 19:01:20:120 [31merror[39m: [31mRedis error:[39m
2026-03-15 19:01:22:122 [31merror[39m: [31mRedis error:[39m
2026-03-15 19:01:24:124 [31merror[39m: [31mRedis error:[39m
2026-03-15 19:01:26:126 [31merror[39m: [31mRedis error:[39m
2026-03-15 19:01:28:128 [31merror[39m: [31mRedis error:[39m
2026-03-15 19:01:30:130 [31merror[39m: [31mRedis error:[39m
2026-03-15 19:01:32:132 [31merror[39m: [31mRedis error:[39m
2026-03-15 19:01:34:134 [31merror[39m: [31mRedis error:[39m
2026-03-15 19:01:36:136 [31merror[39m: [31mRedis error:[39m
2026-03-15 19:01:38:138 [31merror[39m: [31mRedis error:[39m
2026-03-15 19:01:41:141 [31merror[39m: [31mRedis error:[39m
2026-03-15 19:01:43:143 [31merror[39m: [31mRedis error:[39m
2026-03-15 19:01:45:145 [31merror[39m: [31mRedis error:[39m
2026-03-15 19:01:47:147 [31merror[39m: [31mRedis error:[39m
2026-03-15 19:01:49:149 [31merror[39m: [31mRedis error:[39m
2026-03-15 19:01:51:151 [31merror[39m: [31mRedis error:[39m
2026-03-15 19:01:53:153 [31merror[39m: [31mRedis error:[39m
2026-03-15 19:01:55:155 [31merror[39m: [31mRedis error:[39m
2026-03-15 19:01:57:157 [31merror[39m: [31mRedis error:[39m
2026-03-15 19:01:59:159 [31merror[39m: [31mRedis error:[39m
2026-03-15 19:02:01:21 [31merror[39m: [31mRedis error:[39m
2026-03-15 19:02:03:23 [31merror[39m: [31mRedis error:[39m
2026-03-15 19:02:05:25 [31merror[39m: [31mRedis error:[39m
2026-03-15 19:02:07:27 [31merror[39m: [31mRedis error:[39m
2026-03-15 19:02:09:29 [31merror[39m: [31mRedis error:[39m
2026-03-15 19:02:11:211 [31merror[39m: [31mRedis error:[39m
2026-03-15 20:08:25:825 [32minfo[39m: [32mNew user registered: admin@gmail.com (admin bypass)[39m
2026-03-15 20:08:35:835 [31merror[39m: [31mFailed to update last login: infinite recursion detected in policy for relation "users"[39m
2026-03-15 20:08:35:835 [32minfo[39m: [32mUser logged in: admin@gmail.com[39m
2026-03-15 22:47:18:4718 [31merror[39m: [31mFailed to update last login: infinite recursion detected in policy for relation "users"[39m
2026-03-15 22:47:18:4718 [32minfo[39m: [32mUser logged in: admin@gmail.com[39m
2026-03-15 23:04:36:436 [32minfo[39m: [32mNew user registered: admin1@gmail.com (normal)[39m
2026-03-15 23:09:28:928 [32minfo[39m: [32mNew user registered: admin2@gmail.com (admin bypass)[39m
2026-03-15 23:09:37:937 [31merror[39m: [31mFailed to update last login: infinite recursion detected in policy for relation "users"[39m
2026-03-15 23:09:37:937 [32minfo[39m: [32mUser logged in: admin2@gmail.com[39m
2026-03-15 23:10:40:1040 [31merror[39m: [31mCreate public lead error: Could not find the table 'public.leads' in the schema cache[39m
2026-03-15 23:21:26:2126 [31merror[39m: [31mCreate public lead error: new row violates row-level security policy for table "leads"[39m
2026-03-15 23:23:30:2330 [31merror[39m: [31mCreate public lead error: new row violates row-level security policy for table "leads"[39m
2026-03-16 14:39:56:3956 [31merror[39m: [31mFailed to update last login: infinite recursion detected in policy for relation "users"[39m
2026-03-16 14:39:56:3956 [32minfo[39m: [32mUser logged in: admin2@gmail.com[39m
2026-03-16 15:05:21:521 [31merror[39m: [31mFailed to update last login: infinite recursion detected in policy for relation "users"[39m
2026-03-16 15:05:21:521 [32minfo[39m: [32mUser logged in: admin2@gmail.com[39m
2026-03-16 15:14:46:1446 [31merror[39m: [31mFailed to update last login: infinite recursion detected in policy for relation "users"[39m
2026-03-16 15:14:46:1446 [32minfo[39m: [32mUser logged in: admin2@gmail.com[39m
2026-03-16 15:54:59:5459 [32minfo[39m: [32mNew user registered: admin22@gmail.com (admin bypass)[39m
2026-03-16 15:55:10:5510 [31merror[39m: [31mFailed to update last login: permission denied for table users[39m
2026-03-16 15:55:10:5510 [32minfo[39m: [32mUser logged in: admin22@gmail.com[39m
2026-03-16 16:03:36:336 [32minfo[39m: [32mNew user registered: admin23@gmail.com (admin bypass)[39m
2026-03-16 16:10:13:1013 [32minfo[39m: [32mUser logged in: admin23@gmail.com[39m
2026-03-16 16:14:42:1442 [31merror[39m: [31mDaily report error: Could not find a relationship between 'leads' and 'assigned_to' in the schema cache[39m
2026-03-16 16:15:24:1524 [31merror[39m: [31mDaily report error: Could not find a relationship between 'leads' and 'assigned_to' in the schema cache[39m
2026-03-16 16:15:25:1525 [31merror[39m: [31mDaily report error: Could not find a relationship between 'leads' and 'assigned_to' in the schema cache[39m
2026-03-16 16:21:30:2130 [31merror[39m: [31mDaily report error: Could not find a relationship between 'leads' and 'assigned_to' in the schema cache[39m
2026-03-16 16:21:31:2131 [31merror[39m: [31mDaily report error: Could not find a relationship between 'leads' and 'assigned_to' in the schema cache[39m
2026-03-16 16:22:46:2246 [31merror[39m: [31mDaily report error: Could not find a relationship between 'leads' and 'assigned_to' in the schema cache[39m
2026-03-16 16:22:47:2247 [31merror[39m: [31mDaily report error: Could not find a relationship between 'leads' and 'assigned_to' in the schema cache[39m
2026-03-16 16:25:40:2540 [32minfo[39m: [32mUser logged in: admin23@gmail.com[39m
2026-03-16 16:46:19:4619 [32minfo[39m: [32mUser logged in: admin23@gmail.com[39m
2026-03-16 19:39:27:3927 [32minfo[39m: [32mUser logged in: admin23@gmail.com[39m
2026-03-16 20:22:31:2231 [32minfo[39m: [32mLead created: 9ed539dd-932e-49b1-96bf-c4f1300475e1[39m
2026-03-16 20:28:34:2834 [32minfo[39m: [32mNew user registered: sehrish23@gmail.com (normal)[39m
2026-03-16 20:37:55:3755 [32minfo[39m: [32mNew user registered: asert23@gmail.com[39m
2026-03-16 20:38:17:3817 [32minfo[39m: [32mUser logged in: asert23@gmail.com[39m
2026-03-16 21:00:20:020 [31merror[39m: [31mCreate lead error: new row violates row-level security policy for table "leads"[39m
2026-03-16 21:01:36:136 [31merror[39m: [31mCreate lead error: new row violates row-level security policy for table "leads"[39m
2026-03-16 23:28:21:2821 [32minfo[39m: [32mNew user registered: nooray23@gmail.com[39m
2026-03-16 23:28:42:2842 [32minfo[39m: [32mUser logged in: nooray23@gmail.com[39m
2026-03-17 21:01:58:158 [32minfo[39m: [32mUser logged in: admin23@gmail.com[39m
2026-03-25 22:16:42:1642 [32minfo[39m: [32mUser logged in: admin23@gmail.com[39m
2026-03-25 22:24:37:2437 [32minfo[39m: [32mUser logged in: admin23@gmail.com[39m
2026-03-25 22:42:41:4241 [32minfo[39m: [32mNew user registered: sehrish1@gmail.com[39m
2026-03-25 22:42:49:4249 [32minfo[39m: [32mUser logged in: sehrish1@gmail.com[39m
2026-03-25 22:54:52:5452 [32minfo[39m: [32mNew user registered: anmol1@gmail.com[39m
2026-03-25 22:55:02:552 [32minfo[39m: [32mUser logged in: anmol1@gmail.com[39m
2026-03-26 18:53:14:5314 [32minfo[39m: [32mUser logged in: sehrish1@gmail.com[39m
2026-03-30 11:35:57:3557 [32minfo[39m: [32mUser logged in: sehrish1@gmail.com[39m
2026-03-30 12:25:55:2555 [32minfo[39m: [32mUser logged in: anmol1@gmail.com[39m
2026-03-30 15:21:52:2152 [32minfo[39m: [32mUser logged in: admin22@gmail.com[39m
2026-03-30 17:31:24:3124 [31merror[39m: [31mGet leads error: TypeError: fetch failed[39m
2026-03-30 18:26:37:2637 [32minfo[39m: [32mUser logged in: anmol1@gmail.com[39m
2026-03-30 18:33:27:3327 [32minfo[39m: [32mUser logged in: anmol1@gmail.com[39m
2026-03-30 18:33:56:3356 [32minfo[39m: [32mUser logged in: anmol1@gmail.com[39m
